   Γû▓ Next.js 15.5.12
   - Environments: .env.local

   Creating an optimized production build ...
 Γ£ô Compiled successfully in 6.4s
   Linting and checking validity of types ...
node.exe : 
At C:\Program Files\nodejs\npx.ps1:29 char:3
+   & $NODE_EXE $NPX_CLI_JS $args
+   ~~~~~~~~~~~~~~~~~~~~~~~~~~~~~
    + CategoryInfo          : NotSpecified: (:String) [], RemoteException
    + FullyQualifiedErrorId : NativeCommandError
 
Failed to compile.

./src/app/(auth)/onboarding/page.tsx
31:7  Warning: 'COLOR_CLASSES' is assigned a value but never used.  @typescript-eslint/no-unused-vars
48:24  Warning: 'setSubmitting' is assigned a value but never used.  @typescript-eslint/no-unused-vars

./src/app/(dashboard)/admin/ai-intelligence/page.tsx
7:31  Warning: 'RefreshCw' is defined but never used.  @typescript-eslint/no-unused-vars
7:55  Warning: 'CheckCircle2' is defined but never used.  @typescript-eslint/no-unused-vars
8:56  Warning: 'ChevronDown' is defined but never used.  @typescript-eslint/no-unused-vars
16:29  Warning: 'Search' is defined but never used.  @typescript-eslint/no-unused-vars
19:20  Error: Unexpected any. Specify a different type.  @typescript-eslint/no-explicit-any
24:20  Error: Unexpected any. Specify a different type.  @typescript-eslint/no-explicit-any
25:17  Error: Unexpected any. Specify a different type.  @typescript-eslint/no-explicit-any
26:17  Error: Unexpected any. Specify a different type.  @typescript-eslint/no-explicit-any
27:17  Error: Unexpected any. Specify a different type.  @typescript-eslint/no-explicit-any
28:17  Error: Unexpected any. Specify a different type.  @typescript-eslint/no-explicit-any
29:17  Error: Unexpected any. Specify a different type.  @typescript-eslint/no-explicit-any
30:17  Error: Unexpected any. Specify a different type.  @typescript-eslint/no-explicit-any
31:21  Error: Unexpected any. Specify a different type.  @typescript-eslint/no-explicit-any
32:17  Error: Unexpected any. Specify a different type.  @typescript-eslint/no-explicit-any
33:17  Error: Unexpected any. Specify a different type.  @typescript-eslint/no-explicit-any
34:17  Error: Unexpected any. Specify a different type.  @typescript-eslint/no-explicit-any
35:16  Error: Unexpected any. Specify a different type.  @typescript-eslint/no-explicit-any
37:25  Error: Unexpected any. Specify a different type.  @typescript-eslint/no-explicit-any
38:17  Error: Unexpected any. Specify a different type.  @typescript-eslint/no-explicit-any
224:62  Error: Unexpected any. Specify a different type.  @typescript-eslint/no-explicit-any
298:59  Error: Unexpected any. Specify a different type.  @typescript-eslint/no-explicit-any
300:67  Error: Unexpected any. Specify a different type.  @typescript-eslint/no-explicit-any
306:63  Error: Unexpected any. Specify a different type.  @typescript-eslint/no-explicit-any
306:100  Error: Unexpected any. Specify a different type.  @typescript-eslint/no-explicit-any
309:55  Error: Unexpected any. Specify a different type.  @typescript-eslint/no-explicit-any
311:65  Error: Unexpected any. Specify a different type.  @typescript-eslint/no-explicit-any
311:108  Error: Unexpected any. Specify a different type.  @typescript-eslint/no-explicit-any
344:68  Error: Unexpected any. Specify a different type.  @typescript-eslint/no-explicit-any

./src/app/(dashboard)/admin/analytics/page.tsx
9:35  Warning: 'PieIcon' is defined but never used.  @typescript-eslint/no-unused-vars
9:44  Warning: 'ArrowDown' is defined but never used.  @typescript-eslint/no-unused-vars
9:55  Warning: 'ArrowUp' is defined but never used.  @typescript-eslint/no-unused-vars
12:41  Warning: 'LineChart' is defined but never used.  @typescript-eslint/no-unused-vars
20:127  Error: Unexpected any. Specify a different type.  @typescript-eslint/no-explicit-any
66:19  Warning: 'summary' is assigned a value but never used.  @typescript-eslint/no-unused-vars
88:53  Error: Unexpected any. Specify a different type.  @typescript-eslint/no-explicit-any
98:30  Error: Unexpected any. Specify a different type.  @typescript-eslint/no-explicit-any
105:30  Error: Unexpected any. Specify a different type.  @typescript-eslint/no-explicit-any
113:26  Error: Unexpected any. Specify a different type.  @typescript-eslint/no-explicit-any

./src/app/(dashboard)/admin/disasters/page.tsx
26:54  Error: Unexpected any. Specify a different type.  @typescript-eslint/no-explicit-any
38:28  Error: Unexpected any. Specify a different type.  @typescript-eslint/no-explicit-any
64:46  Error: Unexpected any. Specify a different type.  @typescript-eslint/no-explicit-any
77:41  Error: Unexpected any. Specify a different type.  @typescript-eslint/no-explicit-any
78:43  Error: Unexpected any. Specify a different type.  @typescript-eslint/no-explicit-any
150:39  Error: Unexpected any. Specify a different type.  @typescript-eslint/no-explicit-any

./src/app/(dashboard)/admin/requests/page.tsx
8:22  Warning: 'Filter' is defined but never used.  @typescript-eslint/no-unused-vars
9:32  Warning: 'AlertTriangle' is defined but never used.  @typescript-eslint/no-unused-vars
10:43  Warning: 'ArrowUpDown' is defined but never used.  @typescript-eslint/no-unused-vars
11:5  Warning: 'Calendar' is defined but never used.  @typescript-eslint/no-unused-vars
11:43  Warning: 'MessageSquare' is defined but never used.  @typescript-eslint/no-unused-vars
14:85  Error: Unexpected any. Specify a different type.  @typescript-eslint/no-explicit-any
72:36  Error: Unexpected any. Specify a different type.  @typescript-eslint/no-explicit-any
108:60  Error: Unexpected any. Specify a different type.  @typescript-eslint/no-explicit-any
128:70  Error: Unexpected any. Specify a different type.  @typescript-eslint/no-explicit-any
141:70  Error: Unexpected any. Specify a different type.  @typescript-eslint/no-explicit-any
290:57  Error: Unexpected any. Specify a different type.  @typescript-eslint/no-explicit-any

./src/app/(dashboard)/admin/resources/page.tsx
10:16  Warning: 'BarChart3' is defined but never used.  @typescript-eslint/no-unused-vars
10:33  Warning: 'TrendingUp' is defined but never used.  @typescript-eslint/no-unused-vars
13:38  Error: Unexpected any. Specify a different type.  @typescript-eslint/no-explicit-any
75:77  Error: Unexpected any. Specify a different type.  @typescript-eslint/no-explicit-any
154:46  Error: Unexpected any. Specify a different type.  @typescript-eslint/no-explicit-any
159:35  Warning: 'claimed' is assigned a value but never used.  @typescript-eslint/no-unused-vars

./src/app/(dashboard)/admin/settings/page.tsx
7:22  Warning: 'Bell' is defined but never used.  @typescript-eslint/no-unused-vars
7:28  Warning: 'Shield' is defined but never used.  @typescript-eslint/no-unused-vars
9:11  Warning: 'AlertTriangle' is defined but never used.  @typescript-eslint/no-unused-vars
53:35  Warning: 'isLoading' is assigned a value but never used.  @typescript-eslint/no-unused-vars

./src/app/(dashboard)/admin/users/page.tsx
8:5  Warning: 'UserX' is defined but never used.  @typescript-eslint/no-unused-vars
8:18  Warning: 'MapPin' is defined but never used.  @typescript-eslint/no-unused-vars
9:5  Warning: 'UserPlus' is defined but never used.  @typescript-eslint/no-unused-vars
14:6  Warning: 'Status' is defined but never used.  @typescript-eslint/no-unused-vars
73:11  Warning: The 'userList' conditional could make the dependencies of useMemo Hook (at line 81) 
change on every render. To fix this, wrap the initialization of 'userList' in its own useMemo() Hook.  
react-hooks/exhaustive-deps
73:11  Warning: The 'userList' conditional could make the dependencies of useMemo Hook (at line 87) 
change on every render. To fix this, wrap the initialization of 'userList' in its own useMemo() Hook.  
react-hooks/exhaustive-deps
76:36  Error: Unexpected any. Specify a different type.  @typescript-eslint/no-explicit-any
85:30  Error: Unexpected any. Specify a different type.  @typescript-eslint/no-explicit-any
91:30  Error: Unexpected any. Specify a different type.  @typescript-eslint/no-explicit-any
168:51  Error: Unexpected any. Specify a different type.  @typescript-eslint/no-explicit-any

./src/app/(dashboard)/donor/causes/page.tsx
7:20  Warning: 'Filter' is defined but never used.  @typescript-eslint/no-unused-vars
8:47  Warning: 'ExternalLink' is defined but never used.  @typescript-eslint/no-unused-vars
36:40  Error: Unexpected any. Specify a different type.  @typescript-eslint/no-explicit-any
50:11  Warning: The 'disasterList' conditional could make the dependencies of useMemo Hook (at line 81) 
change on every render. Move it inside the useMemo callback. Alternatively, wrap the initialization of 
'disasterList' in its own useMemo() Hook.  react-hooks/exhaustive-deps
51:11  Warning: The 'resourceList' conditional could make the dependencies of useMemo Hook (at line 81) 
change on every render. Move it inside the useMemo callback. Alternatively, wrap the initialization of 
'resourceList' in its own useMemo() Hook.  react-hooks/exhaustive-deps
73:25  Error: Unexpected any. Specify a different type.  @typescript-eslint/no-explicit-any
74:22  Error: Unexpected any. Specify a different type.  @typescript-eslint/no-explicit-any
75:66  Error: Unexpected any. Specify a different type.  @typescript-eslint/no-explicit-any
76:78  Error: Unexpected any. Specify a different type.  @typescript-eslint/no-explicit-any
77:63  Error: Unexpected any. Specify a different type.  @typescript-eslint/no-explicit-any
84:40  Error: Unexpected any. Specify a different type.  @typescript-eslint/no-explicit-any
118:115  Error: Unexpected any. Specify a different type.  @typescript-eslint/no-explicit-any
162:39  Error: Unexpected any. Specify a different type.  @typescript-eslint/no-explicit-any

./src/app/(dashboard)/donor/donations/page.tsx
8:32  Warning: 'Filter' is defined but never used.  @typescript-eslint/no-unused-vars
8:40  Warning: 'Calendar' is defined but never used.  @typescript-eslint/no-unused-vars
10:5  Warning: 'Heart' is defined but never used.  @typescript-eslint/no-unused-vars
25:13  Warning: 'profile' is assigned a value but never used.  @typescript-eslint/no-unused-vars
49:52  Error: Unexpected any. Specify a different type.  @typescript-eslint/no-explicit-any
319:37  Error: `"` can be escaped with `&quot;`, `&ldquo;`, `&#34;`, `&rdquo;`.  
react/no-unescaped-entities
319:59  Error: `"` can be escaped with `&quot;`, `&ldquo;`, `&#34;`, `&rdquo;`.  
react/no-unescaped-entities

./src/app/(dashboard)/donor/fulfill/page.tsx
4:20  Warning: 'useMutation' is defined but never used.  @typescript-eslint/no-unused-vars
10:38  Warning: 'DollarSign' is defined but never used.  @typescript-eslint/no-unused-vars
11:27  Warning: 'Clock' is defined but never used.  @typescript-eslint/no-unused-vars
20:13  Warning: 'profile' is assigned a value but never used.  @typescript-eslint/no-unused-vars
23:52  Error: Unexpected any. Specify a different type.  @typescript-eslint/no-explicit-any
50:31  Error: Unexpected any. Specify a different type.  @typescript-eslint/no-explicit-any
90:46  Error: Unexpected any. Specify a different type.  @typescript-eslint/no-explicit-any
97:51  Error: Unexpected any. Specify a different type.  @typescript-eslint/no-explicit-any
119:41  Error: Unexpected any. Specify a different type.  @typescript-eslint/no-explicit-any
157:32  Error: `'` can be escaped with `&apos;`, `&lsquo;`, `&#39;`, `&rsquo;`.  
react/no-unescaped-entities

./src/app/(dashboard)/donor/impact/page.tsx
7:5  Warning: 'TrendingUp' is defined but never used.  @typescript-eslint/no-unused-vars
7:17  Warning: 'Users' is defined but never used.  @typescript-eslint/no-unused-vars
8:5  Warning: 'BarChart3' is defined but never used.  @typescript-eslint/no-unused-vars
8:32  Warning: 'ArrowUpRight' is defined but never used.  @typescript-eslint/no-unused-vars
16:70  Error: Unexpected any. Specify a different type.  @typescript-eslint/no-explicit-any
34:11  Warning: The 'disasterList' conditional could make the dependencies of useMemo Hook (at line 59) 
change on every render. To fix this, wrap the initialization of 'disasterList' in its own useMemo() Hook. 
 react-hooks/exhaustive-deps
34:11  Warning: The 'disasterList' conditional could make the dependencies of useMemo Hook (at line 66) 
change on every render. To fix this, wrap the initialization of 'disasterList' in its own useMemo() Hook. 
 react-hooks/exhaustive-deps
34:11  Warning: The 'disasterList' conditional could make the dependencies of useMemo Hook (at line 83) 
change on every render. To fix this, wrap the initialization of 'disasterList' in its own useMemo() Hook. 
 react-hooks/exhaustive-deps
34:11  Warning: The 'disasterList' conditional could make the dependencies of useMemo Hook (at line 89) 
change on every render. To fix this, wrap the initialization of 'disasterList' in its own useMemo() Hook. 
 react-hooks/exhaustive-deps
35:11  Warning: The 'resourceList' conditional could make the dependencies of useMemo Hook (at line 59) 
change on every render. To fix this, wrap the initialization of 'resourceList' in its own useMemo() Hook. 
 react-hooks/exhaustive-deps
35:11  Warning: The 'resourceList' conditional could make the dependencies of useMemo Hook (at line 83) 
change on every render. To fix this, wrap the initialization of 'resourceList' in its own useMemo() Hook. 
 react-hooks/exhaustive-deps
36:11  Warning: The 'requestList' conditional could make the dependencies of useMemo Hook (at line 59) 
change on every render. Move it inside the useMemo callback. Alternatively, wrap the initialization of 
'requestList' in its own useMemo() Hook.  react-hooks/exhaustive-deps
43:57  Error: Unexpected any. Specify a different type.  @typescript-eslint/no-explicit-any
44:59  Error: Unexpected any. Specify a different type.  @typescript-eslint/no-explicit-any
46:60  Error: Unexpected any. Specify a different type.  @typescript-eslint/no-explicit-any
47:58  Error: Unexpected any. Specify a different type.  @typescript-eslint/no-explicit-any
64:34  Error: Unexpected any. Specify a different type.  @typescript-eslint/no-explicit-any
70:34  Error: Unexpected any. Specify a different type.  @typescript-eslint/no-explicit-any
76:34  Error: Unexpected any. Specify a different type.  @typescript-eslint/no-explicit-any
87:34  Error: Unexpected any. Specify a different type.  @typescript-eslint/no-explicit-any
189:73  Error: Unexpected any. Specify a different type.  @typescript-eslint/no-explicit-any

./src/app/(dashboard)/donor/receipts/page.tsx
9:30  Warning: 'Building2' is defined but never used.  @typescript-eslint/no-unused-vars
32:52  Error: Unexpected any. Specify a different type.  @typescript-eslint/no-explicit-any
88:39  Error: Unexpected any. Specify a different type.  @typescript-eslint/no-explicit-any

./src/app/(dashboard)/ngo/assigned/page.tsx
11:41  Warning: 'AlertTriangle' is defined but never used.  @typescript-eslint/no-unused-vars
12:5  Warning: 'Upload' is defined but never used.  @typescript-eslint/no-unused-vars
12:13  Warning: 'FileText' is defined but never used.  @typescript-eslint/no-unused-vars
12:35  Warning: 'Timer' is defined but never used.  @typescript-eslint/no-unused-vars
31:63  Error: Unexpected any. Specify a different type.  @typescript-eslint/no-explicit-any
75:31  Error: Unexpected any. Specify a different type.  @typescript-eslint/no-explicit-any
143:41  Error: Unexpected any. Specify a different type.  @typescript-eslint/no-explicit-any

./src/app/(dashboard)/ngo/deliveries/page.tsx
9:21  Warning: 'Play' is defined but never used.  @typescript-eslint/no-unused-vars
10:28  Warning: 'Clock' is defined but never used.  @typescript-eslint/no-unused-vars
11:5  Warning: 'FileText' is defined but never used.  @typescript-eslint/no-unused-vars
11:15  Warning: 'ArrowRight' is defined but never used.  @typescript-eslint/no-unused-vars
11:35  Warning: 'MessageSquare' is defined but never used.  @typescript-eslint/no-unused-vars
24:50  Error: Unexpected any. Specify a different type.  @typescript-eslint/no-explicit-any
60:50  Error: Unexpected any. Specify a different type.  @typescript-eslint/no-explicit-any
61:53  Error: Unexpected any. Specify a different type.  @typescript-eslint/no-explicit-any
64:39  Error: Unexpected any. Specify a different type.  @typescript-eslint/no-explicit-any
97:91  Error: Unexpected any. Specify a different type.  @typescript-eslint/no-explicit-any
101:91  Error: Unexpected any. Specify a different type.  @typescript-eslint/no-explicit-any
131:41  Error: Unexpected any. Specify a different type.  @typescript-eslint/no-explicit-any
214:68  Error: Unexpected any. Specify a different type.  @typescript-eslint/no-explicit-any

./src/app/(dashboard)/ngo/inventory/page.tsx
10:19  Warning: 'CheckCircle2' is defined but never used.  @typescript-eslint/no-unused-vars
55:28  Error: Unexpected any. Specify a different type.  @typescript-eslint/no-explicit-any
185:54  Error: Unexpected any. Specify a different type.  @typescript-eslint/no-explicit-any

./src/app/(dashboard)/ngo/live-map/page.tsx
23:39  Error: Unexpected any. Specify a different type.  @typescript-eslint/no-explicit-any
45:11  Warning: The 'disasterList' conditional could make the dependencies of useMemo Hook (at line 49) 
change on every render. To fix this, wrap the initialization of 'disasterList' in its own useMemo() Hook. 
 react-hooks/exhaustive-deps
48:39  Error: Unexpected any. Specify a different type.  @typescript-eslint/no-explicit-any
51:51  Error: Unexpected any. Specify a different type.  @typescript-eslint/no-explicit-any
82:83  Error: Unexpected any. Specify a different type.  @typescript-eslint/no-explicit-any
111:51  Error: Unexpected any. Specify a different type.  @typescript-eslint/no-explicit-any

./src/app/(dashboard)/ngo/requests/page.tsx
11:5  Warning: 'ArrowRight' is defined but never used.  @typescript-eslint/no-unused-vars
11:17  Warning: 'AlertTriangle' is defined but never used.  @typescript-eslint/no-unused-vars
31:60  Error: Unexpected any. Specify a different type.  @typescript-eslint/no-explicit-any
32:72  Error: Unexpected any. Specify a different type.  @typescript-eslint/no-explicit-any
60:31  Error: Unexpected any. Specify a different type.  @typescript-eslint/no-explicit-any
129:41  Error: Unexpected any. Specify a different type.  @typescript-eslint/no-explicit-any

./src/app/(dashboard)/ngo/team/page.tsx
8:20  Warning: 'UserPlus' is defined but never used.  @typescript-eslint/no-unused-vars
30:13  Warning: 'profile' is assigned a value but never used.  @typescript-eslint/no-unused-vars
34:50  Error: Unexpected any. Specify a different type.  @typescript-eslint/no-explicit-any
43:11  Warning: The 'userList' conditional could make the dependencies of useMemo Hook (at line 52) 
change on every render. Move it inside the useMemo callback. Alternatively, wrap the initialization of 
'userList' in its own useMemo() Hook.  react-hooks/exhaustive-deps
47:36  Error: Unexpected any. Specify a different type.  @typescript-eslint/no-explicit-any
55:39  Error: Unexpected any. Specify a different type.  @typescript-eslint/no-explicit-any
66:37  Error: Unexpected any. Specify a different type.  @typescript-eslint/no-explicit-any
67:44  Error: Unexpected any. Specify a different type.  @typescript-eslint/no-explicit-any
68:40  Error: Unexpected any. Specify a different type.  @typescript-eslint/no-explicit-any
163:40  Error: Unexpected any. Specify a different type.  @typescript-eslint/no-explicit-any

./src/app/(dashboard)/victim/live-map/page.tsx
4:19  Warning: 'Radio' is defined but never used.  @typescript-eslint/no-unused-vars

./src/app/(dashboard)/victim/requests/page.tsx
4:10  Warning: 'api' is defined but never used.  @typescript-eslint/no-unused-vars
11:14  Warning: 'Clock' is defined but never used.  @typescript-eslint/no-unused-vars
12:17  Warning: 'AlertTriangle' is defined but never used.  @typescript-eslint/no-unused-vars
12:42  Warning: 'MessageSquare' is defined but never used.  @typescript-eslint/no-unused-vars
92:13  Warning: 'profile' is assigned a value but never used.  @typescript-eslint/no-unused-vars
157:41  Error: Unexpected any. Specify a different type.  @typescript-eslint/no-explicit-any
283:75  Error: Unexpected any. Specify a different type.  @typescript-eslint/no-explicit-any

./src/app/(dashboard)/volunteer/assignments/page.tsx
8:5  Warning: 'CheckCircle2' is defined but never used.  @typescript-eslint/no-unused-vars
8:19  Warning: 'Filter' is defined but never used.  @typescript-eslint/no-unused-vars
37:46  Error: Unexpected any. Specify a different type.  @typescript-eslint/no-explicit-any
40:47  Warning: 'refetch' is assigned a value but never used.  @typescript-eslint/no-unused-vars
57:24  Error: Unexpected any. Specify a different type.  @typescript-eslint/no-explicit-any
62:11  Warning: The 'assignments' conditional could make the dependencies of useMemo Hook (at line 83) 
change on every render. To fix this, wrap the initialization of 'assignments' in its own useMemo() Hook.  
react-hooks/exhaustive-deps
62:82  Error: Unexpected any. Specify a different type.  @typescript-eslint/no-explicit-any
76:39  Error: Unexpected any. Specify a different type.  @typescript-eslint/no-explicit-any

./src/app/(dashboard)/volunteer/certifications/page.tsx
118:41  Error: Unexpected any. Specify a different type.  @typescript-eslint/no-explicit-any

./src/app/(dashboard)/volunteer/deployments/page.tsx
7:21  Warning: 'Filter' is defined but never used.  @typescript-eslint/no-unused-vars
39:11  Warning: The 'disasterList' conditional could make the dependencies of useMemo Hook (at line 57) 
change on every render. Move it inside the useMemo callback. Alternatively, wrap the initialization of 
'disasterList' in its own useMemo() Hook.  react-hooks/exhaustive-deps
40:11  Warning: The 'resourceList' conditional could make the dependencies of useMemo Hook (at line 57) 
change on every render. Move it inside the useMemo callback. Alternatively, wrap the initialization of 
'resourceList' in its own useMemo() Hook.  react-hooks/exhaustive-deps
44:37  Error: Unexpected any. Specify a different type.  @typescript-eslint/no-explicit-any
45:53  Error: Unexpected any. Specify a different type.  @typescript-eslint/no-explicit-any
52:52  Error: Unexpected any. Specify a different type.  @typescript-eslint/no-explicit-any
56:21  Error: Unexpected any. Specify a different type.  @typescript-eslint/no-explicit-any
56:29  Error: Unexpected any. Specify a different type.  @typescript-eslint/no-explicit-any
60:39  Error: Unexpected any. Specify a different type.  @typescript-eslint/no-explicit-any
73:56  Error: Unexpected any. Specify a different type.  @typescript-eslint/no-explicit-any
128:44  Error: Unexpected any. Specify a different type.  @typescript-eslint/no-explicit-any

./src/app/(dashboard)/volunteer/profile/page.tsx
4:20  Warning: 'useMutation' is defined but never used.  @typescript-eslint/no-unused-vars
8:5  Warning: 'User' is defined but never used.  @typescript-eslint/no-unused-vars
8:11  Warning: 'Mail' is defined but never used.  @typescript-eslint/no-unused-vars
8:17  Warning: 'Phone' is defined but never used.  @typescript-eslint/no-unused-vars
8:24  Warning: 'MapPin' is defined but never used.  @typescript-eslint/no-unused-vars
8:32  Warning: 'Shield' is defined but never used.  @typescript-eslint/no-unused-vars
9:35  Warning: 'Award' is defined but never used.  @typescript-eslint/no-unused-vars
9:42  Warning: 'Calendar' is defined but never used.  @typescript-eslint/no-unused-vars
9:52  Warning: 'Building' is defined but never used.  @typescript-eslint/no-unused-vars

./src/app/auth/callback/route.ts
5:35  Warning: 'hash' is assigned a value but never used.  @typescript-eslint/no-unused-vars

./src/app/dashboard/layout.tsx
11:25  Warning: 'User' is defined but never used.  @typescript-eslint/no-unused-vars
11:31  Warning: 'Bell' is defined but never used.  @typescript-eslint/no-unused-vars
26:36  Error: Unexpected any. Specify a different type.  @typescript-eslint/no-explicit-any

./src/app/dashboard/page.tsx
8:10  Warning: 'TrendingUp' is defined but never used.  @typescript-eslint/no-unused-vars
61:48  Error: Unexpected any. Specify a different type.  @typescript-eslint/no-explicit-any
70:28  Error: Unexpected any. Specify a different type.  @typescript-eslint/no-explicit-any
109:51  Error: Unexpected any. Specify a different type.  @typescript-eslint/no-explicit-any
110:52  Error: Unexpected any. Specify a different type.  @typescript-eslint/no-explicit-any
111:42  Error: Unexpected any. Specify a different type.  @typescript-eslint/no-explicit-any
117:81  Error: Unexpected any. Specify a different type.  @typescript-eslint/no-explicit-any
120:72  Error: Unexpected any. Specify a different type.  @typescript-eslint/no-explicit-any
123:55  Error: Unexpected any. Specify a different type.  @typescript-eslint/no-explicit-any
138:81  Error: Unexpected any. Specify a different type.  @typescript-eslint/no-explicit-any
205:56  Error: Unexpected any. Specify a different type.  @typescript-eslint/no-explicit-any
230:53  Error: Unexpected any. Specify a different type.  @typescript-eslint/no-explicit-any
250:50  Error: Unexpected any. Specify a different type.  @typescript-eslint/no-explicit-any
274:53  Error: Unexpected any. Specify a different type.  @typescript-eslint/no-explicit-any
300:44  Error: Unexpected any. Specify a different type.  @typescript-eslint/no-explicit-any
344:78  Error: Unexpected any. Specify a different type.  @typescript-eslint/no-explicit-any

./src/app/page.tsx
10:10  Warning: 'ThemeToggle' is defined but never used.  @typescript-eslint/no-unused-vars

./src/components/admin/DashboardOverview.tsx
11:29  Warning: 'CheckCircle2' is defined but never used.  @typescript-eslint/no-unused-vars
11:43  Warning: 'TrendingUp' is defined but never used.  @typescript-eslint/no-unused-vars
12:35  Warning: 'Shield' is defined but never used.  @typescript-eslint/no-unused-vars
15:7  Warning: 'API' is assigned a value but never used.  @typescript-eslint/no-unused-vars
30:13  Warning: 'profile' is assigned a value but never used.  @typescript-eslint/no-unused-vars
58:53  Error: Unexpected any. Specify a different type.  @typescript-eslint/no-explicit-any
134:91  Error: Unexpected any. Specify a different type.  @typescript-eslint/no-explicit-any
159:65  Error: Unexpected any. Specify a different type.  @typescript-eslint/no-explicit-any

./src/components/admin/OperationalPulse.tsx
30:48  Error: Unexpected any. Specify a different type.  @typescript-eslint/no-explicit-any
42:32  Error: Unexpected any. Specify a different type.  @typescript-eslint/no-explicit-any

./src/components/auth/AuthForm.tsx
86:23  Error: Unexpected any. Specify a different type.  @typescript-eslint/no-explicit-any
99:83  Error: Unexpected any. Specify a different type.  @typescript-eslint/no-explicit-any
129:23  Error: Unexpected any. Specify a different type.  @typescript-eslint/no-explicit-any
152:23  Error: Unexpected any. Specify a different type.  @typescript-eslint/no-explicit-any
281:47  Error: Unexpected any. Specify a different type.  @typescript-eslint/no-explicit-any
343:81  Error: `'` can be escaped with `&apos;`, `&lsquo;`, `&#39;`, `&rsquo;`.  
react/no-unescaped-entities

./src/components/auth/onboarding/DonorForm.tsx
28:11  Warning: 'router' is assigned a value but never used.  @typescript-eslint/no-unused-vars
44:75  Error: Unexpected any. Specify a different type.  @typescript-eslint/no-explicit-any
48:72  Error: Unexpected any. Specify a different type.  @typescript-eslint/no-explicit-any
60:46  Error: Unexpected any. Specify a different type.  @typescript-eslint/no-explicit-any
64:25  Error: Unexpected any. Specify a different type.  @typescript-eslint/no-explicit-any

./src/components/auth/onboarding/NGOForm.tsx
15:11  Warning: 'router' is assigned a value but never used.  @typescript-eslint/no-unused-vars
33:75  Error: Unexpected any. Specify a different type.  @typescript-eslint/no-explicit-any
38:70  Error: Unexpected any. Specify a different type.  @typescript-eslint/no-explicit-any
52:46  Error: Unexpected any. Specify a different type.  @typescript-eslint/no-explicit-any
62:25  Error: Unexpected any. Specify a different type.  @typescript-eslint/no-explicit-any

./src/components/auth/onboarding/VictimForm.tsx
10:19  Warning: 'MapPin' is defined but never used.  @typescript-eslint/no-unused-vars
15:11  Warning: 'router' is assigned a value but never used.  @typescript-eslint/no-unused-vars
32:75  Error: Unexpected any. Specify a different type.  @typescript-eslint/no-explicit-any
37:73  Error: Unexpected any. Specify a different type.  @typescript-eslint/no-explicit-any
50:46  Error: Unexpected any. Specify a different type.  @typescript-eslint/no-explicit-any
60:25  Error: Unexpected any. Specify a different type.  @typescript-eslint/no-explicit-any

./src/components/auth/onboarding/VolunteerForm.tsx
27:11  Warning: 'router' is assigned a value but never used.  @typescript-eslint/no-unused-vars
43:75  Error: Unexpected any. Specify a different type.  @typescript-eslint/no-explicit-any
47:76  Error: Unexpected any. Specify a different type.  @typescript-eslint/no-explicit-any
59:46  Error: Unexpected any. Specify a different type.  @typescript-eslint/no-explicit-any
63:25  Error: Unexpected any. Specify a different type.  @typescript-eslint/no-explicit-any

./src/components/coordinator/AnomalyAlertPanel.tsx
111:45  Error: Unexpected any. Specify a different type.  @typescript-eslint/no-explicit-any
139:30  Error: Unexpected any. Specify a different type.  @typescript-eslint/no-explicit-any

./src/components/coordinator/MLDashboard.tsx
8:5  Warning: 'Thermometer' is defined but never used.  @typescript-eslint/no-unused-vars
8:18  Warning: 'Wind' is defined but never used.  @typescript-eslint/no-unused-vars
8:24  Warning: 'Droplets' is defined but never used.  @typescript-eslint/no-unused-vars
8:34  Warning: 'Map' is defined but never used.  @typescript-eslint/no-unused-vars
8:39  Warning: 'Users' is defined but never used.  @typescript-eslint/no-unused-vars
8:46  Warning: 'BarChart' is defined but never used.  @typescript-eslint/no-unused-vars
14:46  Error: Unexpected any. Specify a different type.  @typescript-eslint/no-explicit-any
39:54  Error: Unexpected any. Specify a different type.  @typescript-eslint/no-explicit-any
40:28  Error: Unexpected any. Specify a different type.  @typescript-eslint/no-explicit-any

./src/components/coordinator/NLQueryWidget.tsx
7:33  Warning: 'ThumbsUp' is defined but never used.  @typescript-eslint/no-unused-vars
7:43  Warning: 'ThumbsDown' is defined but never used.  @typescript-eslint/no-unused-vars
14:15  Error: Unexpected any. Specify a different type.  @typescript-eslint/no-explicit-any
15:17  Error: Unexpected any. Specify a different type.  @typescript-eslint/no-explicit-any

./src/components/coordinator/OutcomeTrackingPanel.tsx
7:23  Warning: 'TrendingDown' is defined but never used.  @typescript-eslint/no-unused-vars
238:59  Error: Unexpected any. Specify a different type.  @typescript-eslint/no-explicit-any
274:45  Error: `"` can be escaped with `&quot;`, `&ldquo;`, `&#34;`, `&rdquo;`.  
react/no-unescaped-entities
274:58  Error: `"` can be escaped with `&quot;`, `&ldquo;`, `&#34;`, `&rdquo;`.  
react/no-unescaped-entities
288:59  Error: Unexpected any. Specify a different type.  @typescript-eslint/no-explicit-any
331:48  Error: `"` can be escaped with `&quot;`, `&ldquo;`, `&#34;`, `&rdquo;`.  
react/no-unescaped-entities
331:63  Error: `"` can be escaped with `&quot;`, `&ldquo;`, `&#34;`, `&rdquo;`.  
react/no-unescaped-entities

./src/components/coordinator/SituationReportPanel.tsx
7:13  Warning: 'RefreshCw' is defined but never used.  @typescript-eslint/no-unused-vars
7:31  Warning: 'AlertTriangle' is defined but never used.  @typescript-eslint/no-unused-vars
7:46  Warning: 'BarChart3' is defined but never used.  @typescript-eslint/no-unused-vars
16:56  Error: Unexpected any. Specify a different type.  @typescript-eslint/no-explicit-any
38:79  Error: Unexpected any. Specify a different type.  @typescript-eslint/no-explicit-any
151:37  Error: Unexpected any. Specify a different type.  @typescript-eslint/no-explicit-any
178:47  Error: `"` can be escaped with `&quot;`, `&ldquo;`, `&#34;`, `&rdquo;`.  
react/no-unescaped-entities
178:63  Error: `"` can be escaped with `&quot;`, `&ldquo;`, `&#34;`, `&rdquo;`.  
react/no-unescaped-entities

./src/components/dashboard/LiveImpactMap.tsx
4:50  Warning: 'CircleMarker' is defined but never used.  @typescript-eslint/no-unused-vars
7:10  Warning: 'supabase' is defined but never used.  @typescript-eslint/no-unused-vars
9:10  Warning: 'api' is defined but never used.  @typescript-eslint/no-unused-vars
58:9  Warning: 'queryClient' is assigned a value but never used.  @typescript-eslint/no-unused-vars
62:11  Warning: 'alerts' is assigned a value but never used.  @typescript-eslint/no-unused-vars

./src/components/donor/DashboardOverview.tsx
9:21  Warning: 'TrendingUp' is defined but never used.  @typescript-eslint/no-unused-vars
37:53  Error: Unexpected any. Specify a different type.  @typescript-eslint/no-explicit-any
118:62  Error: Unexpected any. Specify a different type.  @typescript-eslint/no-explicit-any

./src/components/donor/InteractivityFeed.tsx
7:5  Warning: 'Zap' is defined but never used.  @typescript-eslint/no-unused-vars
7:29  Warning: 'PackageSearch' is defined but never used.  @typescript-eslint/no-unused-vars
15:54  Error: Unexpected any. Specify a different type.  @typescript-eslint/no-explicit-any
28:45  Error: Unexpected any. Specify a different type.  @typescript-eslint/no-explicit-any
33:28  Error: Unexpected any. Specify a different type.  @typescript-eslint/no-explicit-any
105:40  Error: Unexpected any. Specify a different type.  @typescript-eslint/no-explicit-any
141:37  Error: `"` can be escaped with `&quot;`, `&ldquo;`, `&#34;`, `&rdquo;`.  
react/no-unescaped-entities
141:178  Error: `"` can be escaped with `&quot;`, `&ldquo;`, `&#34;`, `&rdquo;`.  
react/no-unescaped-entities

./src/components/donor/Sidebar.tsx
27:22  Warning: 'profile' is assigned a value but never used.  @typescript-eslint/no-unused-vars

./src/components/landing/Ticker.tsx
17:7  Warning: 'SEV_DOT' is assigned a value but never used.  @typescript-eslint/no-unused-vars
31:58  Error: Unexpected any. Specify a different type.  @typescript-eslint/no-explicit-any

./src/components/landing/UrgentNeeds.tsx
4:10  Warning: 'Droplets' is defined but never used.  @typescript-eslint/no-unused-vars
4:20  Warning: 'Pill' is defined but never used.  @typescript-eslint/no-unused-vars
4:26  Warning: 'Home' is defined but never used.  @typescript-eslint/no-unused-vars
4:32  Warning: 'Battery' is defined but never used.  @typescript-eslint/no-unused-vars

./src/components/layout/NavBar.tsx
10:10  Warning: 'motion' is defined but never used.  @typescript-eslint/no-unused-vars
10:18  Warning: 'AnimatePresence' is defined but never used.  @typescript-eslint/no-unused-vars
21:38  Error: Unexpected any. Specify a different type.  @typescript-eslint/no-explicit-any

./src/components/map/GlobalDisasterMap.tsx
128:37  Error: Unexpected any. Specify a different type.  @typescript-eslint/no-explicit-any
134:26  Error: Unexpected any. Specify a different type.  @typescript-eslint/no-explicit-any
213:12  Warning: 'currentZoom' is assigned a value but never used.  @typescript-eslint/no-unused-vars
229:11  Warning: The 'events' logical expression could make the dependencies of useMemo Hook (at line 
240) change on every render. To fix this, wrap the initialization of 'events' in its own useMemo() Hook.  
react-hooks/exhaustive-deps
354:17  Error: Use "@ts-expect-error" instead of "@ts-ignore", as "@ts-ignore" will do nothing if the 
following line is error-free.  @typescript-eslint/ban-ts-comment
373:21  Error: Use "@ts-expect-error" instead of "@ts-ignore", as "@ts-ignore" will do nothing if the 
following line is error-free.  @typescript-eslint/ban-ts-comment
390:21  Error: Use "@ts-expect-error" instead of "@ts-ignore", as "@ts-ignore" will do nothing if the 
following line is error-free.  @typescript-eslint/ban-ts-comment
398:29  Error: Use "@ts-expect-error" instead of "@ts-ignore", as "@ts-ignore" will do nothing if the 
following line is error-free.  @typescript-eslint/ban-ts-comment
621:93  Error: Unexpected any. Specify a different type.  @typescript-eslint/no-explicit-any
622:49  Error: Unexpected any. Specify a different type.  @typescript-eslint/no-explicit-any
624:94  Error: Unexpected any. Specify a different type.  @typescript-eslint/no-explicit-any

./src/components/ngo/DashboardOverview.tsx
11:50  Warning: 'TrendingUp' is defined but never used.  @typescript-eslint/no-unused-vars
12:26  Warning: 'MapPin' is defined but never used.  @typescript-eslint/no-unused-vars
41:12  Warning: 'mounted' is assigned a value but never used.  @typescript-eslint/no-unused-vars
50:41  Warning: 'aLoad' is assigned a value but never used.  @typescript-eslint/no-unused-vars
56:41  Warning: 'nLoad' is assigned a value but never used.  @typescript-eslint/no-unused-vars
84:53  Error: Unexpected any. Specify a different type.  @typescript-eslint/no-explicit-any
85:58  Error: Unexpected any. Specify a different type.  @typescript-eslint/no-explicit-any
215:57  Error: Unexpected any. Specify a different type.  @typescript-eslint/no-explicit-any
245:48  Error: Unexpected any. Specify a different type.  @typescript-eslint/no-explicit-any

./src/components/ngo/MobilizationManager.tsx
7:18  Warning: 'Loader2' is defined but never used.  @typescript-eslint/no-unused-vars
7:27  Warning: 'CheckCircle2' is defined but never used.  @typescript-eslint/no-unused-vars
8:5  Warning: 'XCircle' is defined but never used.  @typescript-eslint/no-unused-vars
8:22  Warning: 'ClipboardList' is defined but never used.  @typescript-eslint/no-unused-vars
8:37  Warning: 'AlertCircle' is defined but never used.  @typescript-eslint/no-unused-vars
21:29  Warning: 'isLoading' is assigned a value but never used.  @typescript-eslint/no-unused-vars
27:28  Error: Unexpected any. Specify a different type.  @typescript-eslint/no-explicit-any
112:36  Error: Unexpected any. Specify a different type.  @typescript-eslint/no-explicit-any

./src/components/ngo/ResourceSourcingManager.tsx
7:26  Warning: 'Loader2' is defined but never used.  @typescript-eslint/no-unused-vars
7:35  Warning: 'Heart' is defined but never used.  @typescript-eslint/no-unused-vars
8:5  Warning: 'Truck' is defined but never used.  @typescript-eslint/no-unused-vars
8:32  Warning: 'AlertTriangle' is defined but never used.  @typescript-eslint/no-unused-vars
22:26  Warning: 'isLoading' is assigned a value but never used.  @typescript-eslint/no-unused-vars
28:28  Error: Unexpected any. Specify a different type.  @typescript-eslint/no-explicit-any
139:36  Error: Unexpected any. Specify a different type.  @typescript-eslint/no-explicit-any

./src/components/ngo/SubmitAvailabilityModal.tsx
7:17  Warning: 'MapPin' is defined but never used.  @typescript-eslint/no-unused-vars
12:14  Error: Unexpected any. Specify a different type.  @typescript-eslint/no-explicit-any

./src/components/shared/NotificationBell.tsx
3:39  Warning: 'useCallback' is defined but never used.  @typescript-eslint/no-unused-vars
10:11  Warning: 'Check' is defined but never used.  @typescript-eslint/no-unused-vars
10:33  Warning: 'Clock' is defined but never used.  @typescript-eslint/no-unused-vars
11:43  Warning: 'Volume2' is defined but never used.  @typescript-eslint/no-unused-vars
14:42  Error: Unexpected any. Specify a different type.  @typescript-eslint/no-explicit-any
64:50  Error: Unexpected any. Specify a different type.  @typescript-eslint/no-explicit-any
151:51  Error: Unexpected any. Specify a different type.  @typescript-eslint/no-explicit-any

./src/components/shared/VerificationBanner.tsx
4:10  Warning: 'AlertTriangle' is defined but never used.  @typescript-eslint/no-unused-vars
16:32  Error: Unexpected any. Specify a different type.  @typescript-eslint/no-explicit-any
16:72  Error: Unexpected any. Specify a different type.  @typescript-eslint/no-explicit-any

./src/components/ui/PasswordInput.tsx
7:18  Error: An interface declaring no members is equivalent to its supertype.  
@typescript-eslint/no-empty-object-type

./src/components/victim/AIChatbot.tsx
22:36  Error: Unexpected any. Specify a different type.  @typescript-eslint/no-explicit-any
56:71  Error: Unexpected any. Specify a different type.  @typescript-eslint/no-explicit-any
235:52  Error: `'` can be escaped with `&apos;`, `&lsquo;`, `&#39;`, `&rsquo;`.  
react/no-unescaped-entities

./src/components/victim/RequestDetail.tsx
8:69  Warning: 'Package' is defined but never used.  @typescript-eslint/no-unused-vars
234:60  Error: Unexpected any. Specify a different type.  @typescript-eslint/no-explicit-any

./src/components/victim/RequestList.tsx
3:31  Warning: 'useRef' is defined but never used.  @typescript-eslint/no-unused-vars
201:50  Error: Unexpected any. Specify a different type.  @typescript-eslint/no-explicit-any
202:82  Error: Unexpected any. Specify a different type.  @typescript-eslint/no-explicit-any
209:46  Error: Unexpected any. Specify a different type.  @typescript-eslint/no-explicit-any
211:75  Error: Unexpected any. Specify a different type.  @typescript-eslint/no-explicit-any

./src/components/victim/ResourceRequestForm.tsx
55:11  Warning: The 'availableResources' logical expression could make the dependencies of useMemo Hook 
(at line 65) change on every render. To fix this, wrap the initialization of 'availableResources' in its 
own useMemo() Hook.  react-hooks/exhaustive-deps
55:11  Warning: The 'availableResources' logical expression could make the dependencies of useCallback 
Hook (at line 125) change on every render. To fix this, wrap the initialization of 'availableResources' 
in its own useMemo() Hook.  react-hooks/exhaustive-deps
82:8  Warning: React Hook useEffect has a missing dependency: 'items.length'. Either include it or remove 
the dependency array.  react-hooks/exhaustive-deps

./src/components/volunteer/DashboardOverview.tsx
9:37  Warning: 'CheckCircle2' is defined but never used.  @typescript-eslint/no-unused-vars
10:17  Warning: 'AlertTriangle' is defined but never used.  @typescript-eslint/no-unused-vars
10:70  Warning: 'ShieldCheck' is defined but never used.  @typescript-eslint/no-unused-vars
34:53  Error: Unexpected any. Specify a different type.  @typescript-eslint/no-explicit-any
35:58  Error: Unexpected any. Specify a different type.  @typescript-eslint/no-explicit-any
38:11  Warning: 'volunteerStatus' is assigned a value but never used.  @typescript-eslint/no-unused-vars
38:51  Error: Unexpected any. Specify a different type.  @typescript-eslint/no-explicit-any
40:11  Warning: 'activeDeployment' is assigned a value but never used.  @typescript-eslint/no-unused-vars
65:53  Error: `'` can be escaped with `&apos;`, `&lsquo;`, `&#39;`, `&rsquo;`.  
react/no-unescaped-entities
120:62  Error: Unexpected any. Specify a different type.  @typescript-eslint/no-explicit-any

./src/components/volunteer/VerificationHub.tsx
15:60  Error: Unexpected any. Specify a different type.  @typescript-eslint/no-explicit-any
25:45  Error: Unexpected any. Specify a different type.  @typescript-eslint/no-explicit-any
46:28  Error: Unexpected any. Specify a different type.  @typescript-eslint/no-explicit-any
76:11  Warning: 'isLoading' is assigned a value but never used.  @typescript-eslint/no-unused-vars
121:41  Error: Unexpected any. Specify a different type.  @typescript-eslint/no-explicit-any
152:48  Error: Unexpected any. Specify a different type.  @typescript-eslint/no-explicit-any
178:82  Error: `"` can be escaped with `&quot;`, `&ldquo;`, `&#34;`, `&rdquo;`.  
react/no-unescaped-entities
178:117  Error: `"` can be escaped with `&quot;`, `&ldquo;`, `&#34;`, `&rdquo;`.  
react/no-unescaped-entities

./src/hooks/use-realtime-events.ts
3:44  Warning: 'useRef' is defined but never used.  @typescript-eslint/no-unused-vars
59:9  Error: 'channelBuilder' is never reassigned. Use 'const' instead.  prefer-const

./src/lib/api/auth-api.ts
13:13  Error: Unexpected any. Specify a different type.  @typescript-eslint/no-explicit-any
18:9  Error: Unexpected any. Specify a different type.  @typescript-eslint/no-explicit-any
20:12  Error: Unexpected any. Specify a different type.  @typescript-eslint/no-explicit-any
21:10  Error: Unexpected any. Specify a different type.  @typescript-eslint/no-explicit-any
53:19  Error: Unexpected any. Specify a different type.  @typescript-eslint/no-explicit-any
64:34  Error: Unexpected any. Specify a different type.  @typescript-eslint/no-explicit-any
108:73  Error: Unexpected any. Specify a different type.  @typescript-eslint/no-explicit-any
130:67  Error: Unexpected any. Specify a different type.  @typescript-eslint/no-explicit-any
156:19  Error: Unexpected any. Specify a different type.  @typescript-eslint/no-explicit-any
162:86  Error: Unexpected any. Specify a different type.  @typescript-eslint/no-explicit-any
175:19  Error: Unexpected any. Specify a different type.  @typescript-eslint/no-explicit-any
192:58  Error: Unexpected any. Specify a different type.  @typescript-eslint/no-explicit-any
204:56  Error: Unexpected any. Specify a different type.  @typescript-eslint/no-explicit-any

./src/lib/api/index.ts
25:29  Error: Unexpected any. Specify a different type.  @typescript-eslint/no-explicit-any
46:37  Error: Unexpected any. Specify a different type.  @typescript-eslint/no-explicit-any
64:28  Error: Unexpected any. Specify a different type.  @typescript-eslint/no-explicit-any
67:40  Error: Unexpected any. Specify a different type.  @typescript-eslint/no-explicit-any
77:28  Error: Unexpected any. Specify a different type.  @typescript-eslint/no-explicit-any
107:28  Error: Unexpected any. Specify a different type.  @typescript-eslint/no-explicit-any
167:33  Error: Unexpected any. Specify a different type.  @typescript-eslint/no-explicit-any
170:45  Error: Unexpected any. Specify a different type.  @typescript-eslint/no-explicit-any
179:36  Error: Unexpected any. Specify a different type.  @typescript-eslint/no-explicit-any
207:40  Error: Unexpected any. Specify a different type.  @typescript-eslint/no-explicit-any
364:28  Error: Unexpected any. Specify a different type.  @typescript-eslint/no-explicit-any

./src/lib/api/resource-api.ts
49:78  Error: Unexpected any. Specify a different type.  @typescript-eslint/no-explicit-any
75:87  Error: Unexpected any. Specify a different type.  @typescript-eslint/no-explicit-any
97:19  Error: Unexpected any. Specify a different type.  @typescript-eslint/no-explicit-any
106:76  Error: Unexpected any. Specify a different type.  @typescript-eslint/no-explicit-any
127:19  Error: Unexpected any. Specify a different type.  @typescript-eslint/no-explicit-any
136:70  Error: Unexpected any. Specify a different type.  @typescript-eslint/no-explicit-any
146:19  Error: Unexpected any. Specify a different type.  @typescript-eslint/no-explicit-any
155:70  Error: Unexpected any. Specify a different type.  @typescript-eslint/no-explicit-any
161:19  Error: Unexpected any. Specify a different type.  @typescript-eslint/no-explicit-any

./src/lib/api/victim.ts
295:81  Error: Unexpected any. Specify a different type.  @typescript-eslint/no-explicit-any
296:36  Error: Unexpected any. Specify a different type.  @typescript-eslint/no-explicit-any

./src/lib/auth-provider.tsx
132:54  Error: Unexpected any. Specify a different type.  @typescript-eslint/no-explicit-any
136:47  Error: Unexpected any. Specify a different type.  @typescript-eslint/no-explicit-any
247:56  Error: Unexpected any. Specify a different type.  @typescript-eslint/no-explicit-any

./src/lib/supabase/server.ts
16:79  Error: Unexpected any. Specify a different type.  @typescript-eslint/no-explicit-any
18:114  Error: Unexpected any. Specify a different type.  @typescript-eslint/no-explicit-any

./src/lib/validations/authSchemas.ts
105:14  Warning: 'val' is defined but never used.  @typescript-eslint/no-unused-vars

./src/middleware.ts
26:70  Error: Unexpected any. Specify a different type.  @typescript-eslint/no-explicit-any

info  - Need to disable some ESLint rules? Learn more here: 
https://nextjs.org/docs/app/api-reference/config/eslint#disabling-rules
