============================= test session starts =============================
platform win32 -- Python 3.13.7, pytest-8.0.1, pluggy-1.6.0
rootdir: C:\Users\borda\Desktop\disaster-resource-management-project\backend
configfile: pyproject.toml
plugins: anyio-4.12.0, asyncio-0.23.5, cov-4.1.0, mock-3.15.1, timeout-2.4.0
asyncio: mode=Mode.AUTO
collected 0 items / 1 error

=================================== ERRORS ====================================
______________ ERROR collecting tests/unit/test_dependencies.py _______________
ImportError while importing test module 'C:\Users\borda\Desktop\disaster-resource-management-project\backend\tests\unit\test_dependencies.py'.
Hint: make sure your test modules/packages have valid Python names.
Traceback:
C:\Python313\Lib\importlib\__init__.py:88: in import_module
    return _bootstrap._gcd_import(name[level:], package, level)
tests\unit\test_dependencies.py:6: in <module>
    from app.dependencies import require_role, get_current_user_id, get_current_user
E   ModuleNotFoundError: No module named 'app'
=========================== short test summary info ===========================
ERROR tests/unit/test_dependencies.py
!!!!!!!!!!!!!!!!!!! Interrupted: 1 error during collection !!!!!!!!!!!!!!!!!!!!
============================== 1 error in 0.73s ===============================
